  Determinando los proyectos que se van a restaurar...
  Todos los proyectos est├ín actualizados para la restauraci├│n.
  TallerSaaS.Domain -> C:\Users\Usuario\.gemini\antigravity\scratch\TallerSaaS\src\TallerSaaS.Domain\bin\Debug\net9.0\TallerSaaS.Domain.dll
  TallerSaaS.Shared -> C:\Users\Usuario\.gemini\antigravity\scratch\TallerSaaS\src\TallerSaaS.Shared\bin\Debug\net9.0\TallerSaaS.Shared.dll
C:\Users\Usuario\.gemini\antigravity\scratch\TallerSaaS\src\TallerSaaS.Application\Services\AppointmentService.cs(58,16): error CS0103: El nombre 'appointments' no existe en el contexto actual [C:\Users\Usuario\.gemini\antigravity\scratch\TallerSaaS\src\TallerSaaS.Application\TallerSaaS.Application.csproj]
C:\Users\Usuario\.gemini\antigravity\scratch\TallerSaaS\src\TallerSaaS.Application\Services\AppointmentService.cs(58,9): warning CS0162: Se detect├│ c├│digo inaccesible [C:\Users\Usuario\.gemini\antigravity\scratch\TallerSaaS\src\TallerSaaS.Application\TallerSaaS.Application.csproj]
C:\Users\Usuario\.gemini\antigravity\scratch\TallerSaaS\src\TallerSaaS.Application\Services\FacturaService.cs(161,14): error CS1061: "IQueryable<<anonymous type: Guid Id, string NumeroFactura, DateTime FechaEmision, decimal Subtotal, decimal Descuento, decimal IVA, decimal Total, string Observaciones, TipoFacturacion TipoFacturacion, EstadoEnvioFactura EstadoEnvio, List<<anonymous type: Guid Id, string NumeroOrden, decimal Total, string VehiculoDesc>> Ordenes>>" no contiene una definici├│n para "ToPagedListAsync" ni un m├®todo de extensi├│n accesible "ToPagedListAsync" que acepte un primer argumento del tipo "IQueryable<<anonymous type: Guid Id, string NumeroFactura, DateTime FechaEmision, decimal Subtotal, decimal Descuento, decimal IVA, decimal Total, string Observaciones, TipoFacturacion TipoFacturacion, EstadoEnvioFactura EstadoEnvio, List<<anonymous type: Guid Id, string NumeroOrden, decimal Total, string VehiculoDesc>> Ordenes>>" (┬┐falta alguna directiva using o una referencia de ensamblado?) [C:\Users\Usuario\.gemini\antigravity\scratch\TallerSaaS\src\TallerSaaS.Application\TallerSaaS.Application.csproj]

ERROR al compilar.

C:\Users\Usuario\.gemini\antigravity\scratch\TallerSaaS\src\TallerSaaS.Application\Services\AppointmentService.cs(58,9): warning CS0162: Se detect├│ c├│digo inaccesible [C:\Users\Usuario\.gemini\antigravity\scratch\TallerSaaS\src\TallerSaaS.Application\TallerSaaS.Application.csproj]
C:\Users\Usuario\.gemini\antigravity\scratch\TallerSaaS\src\TallerSaaS.Application\Services\AppointmentService.cs(58,16): error CS0103: El nombre 'appointments' no existe en el contexto actual [C:\Users\Usuario\.gemini\antigravity\scratch\TallerSaaS\src\TallerSaaS.Application\TallerSaaS.Application.csproj]
C:\Users\Usuario\.gemini\antigravity\scratch\TallerSaaS\src\TallerSaaS.Application\Services\FacturaService.cs(161,14): error CS1061: "IQueryable<<anonymous type: Guid Id, string NumeroFactura, DateTime FechaEmision, decimal Subtotal, decimal Descuento, decimal IVA, decimal Total, string Observaciones, TipoFacturacion TipoFacturacion, EstadoEnvioFactura EstadoEnvio, List<<anonymous type: Guid Id, string NumeroOrden, decimal Total, string VehiculoDesc>> Ordenes>>" no contiene una definici├│n para "ToPagedListAsync" ni un m├®todo de extensi├│n accesible "ToPagedListAsync" que acepte un primer argumento del tipo "IQueryable<<anonymous type: Guid Id, string NumeroFactura, DateTime FechaEmision, decimal Subtotal, decimal Descuento, decimal IVA, decimal Total, string Observaciones, TipoFacturacion TipoFacturacion, EstadoEnvioFactura EstadoEnvio, List<<anonymous type: Guid Id, string NumeroOrden, decimal Total, string VehiculoDesc>> Ordenes>>" (┬┐falta alguna directiva using o una referencia de ensamblado?) [C:\Users\Usuario\.gemini\antigravity\scratch\TallerSaaS\src\TallerSaaS.Application\TallerSaaS.Application.csproj]
    1 Advertencia(s)
    2 Errores

Tiempo transcurrido 00:00:02.33

Hay actualizaciones de carga de trabajo disponibles. Ejecute "dotnet workload list" para obtener m├ís informaci├│n.
