﻿  Determinando los proyectos que se van a restaurar...
  Todos los proyectos est├ín actualizados para la restauraci├│n.
  TallerSaaS.Shared -> C:\Users\Usuario\.gemini\antigravity\scratch\TallerSaaS\src\TallerSaaS.Shared\bin\Debug\net9.0\TallerSaaS.Shared.dll
  TallerSaaS.Domain -> C:\Users\Usuario\.gemini\antigravity\scratch\TallerSaaS\src\TallerSaaS.Domain\bin\Debug\net9.0\TallerSaaS.Domain.dll
  TallerSaaS.Application -> C:\Users\Usuario\.gemini\antigravity\scratch\TallerSaaS\src\TallerSaaS.Application\bin\Debug\net9.0\TallerSaaS.Application.dll
  TallerSaaS.Infrastructure -> C:\Users\Usuario\.gemini\antigravity\scratch\TallerSaaS\src\TallerSaaS.Infrastructure\bin\Debug\net9.0\TallerSaaS.Infrastructure.dll
C:\Program Files\dotnet\sdk\9.0.311\Microsoft.Common.CurrentVersion.targets(5093,5): warning MSB3026: No se pudo copiar "C:\Users\Usuario\.gemini\antigravity\scratch\TallerSaaS\src\TallerSaaS.Domain\bin\Debug\net9.0\TallerSaaS.Domain.dll" en "bin\Debug\net9.0\TallerSaaS.Domain.dll". Se iniciar├í el reintento 1 dentro de 1000ms. The process cannot access the file 'C:\Users\Usuario\.gemini\antigravity\scratch\TallerSaaS\src\TallerSaaS.Web\bin\Debug\net9.0\TallerSaaS.Domain.dll' because it is being used by another process. El archivo se ha bloqueado por: "TallerSaaS.Web (7836)" [C:\Users\Usuario\.gemini\antigravity\scratch\TallerSaaS\src\TallerSaaS.Web\TallerSaaS.Web.csproj]
C:\Program Files\dotnet\sdk\9.0.311\Microsoft.Common.CurrentVersion.targets(5093,5): warning MSB3026: No se pudo copiar "C:\Users\Usuario\.gemini\antigravity\scratch\TallerSaaS\src\TallerSaaS.Infrastructure\bin\Debug\net9.0\TallerSaaS.Infrastructure.dll" en "bin\Debug\net9.0\TallerSaaS.Infrastructure.dll". Se iniciar├í el reintento 1 dentro de 1000ms. The process cannot access the file 'C:\Users\Usuario\.gemini\antigravity\scratch\TallerSaaS\src\TallerSaaS.Web\bin\Debug\net9.0\TallerSaaS.Infrastructure.dll' because it is being used by another process. El archivo se ha bloqueado por: "Microsoft Visual Studio 2022 (19376), TallerSaaS.Web (7836)" [C:\Users\Usuario\.gemini\antigravity\scratch\TallerSaaS\src\TallerSaaS.Web\TallerSaaS.Web.csproj]
C:\Program Files\dotnet\sdk\9.0.311\Microsoft.Common.CurrentVersion.targets(5093,5): warning MSB3026: No se pudo copiar "C:\Users\Usuario\.gemini\antigravity\scratch\TallerSaaS\src\TallerSaaS.Application\bin\Debug\net9.0\TallerSaaS.Application.dll" en "bin\Debug\net9.0\TallerSaaS.Application.dll". Se iniciar├í el reintento 1 dentro de 1000ms. The process cannot access the file 'C:\Users\Usuario\.gemini\antigravity\scratch\TallerSaaS\src\TallerSaaS.Web\bin\Debug\net9.0\TallerSaaS.Application.dll' because it is being used by another process. El archivo se ha bloqueado por: "Microsoft Visual Studio 2022 (19376), TallerSaaS.Web (7836)" [C:\Users\Usuario\.gemini\antigravity\scratch\TallerSaaS\src\TallerSaaS.Web\TallerSaaS.Web.csproj]
C:\Program Files\dotnet\sdk\9.0.311\Microsoft.Common.CurrentVersion.targets(5093,5): warning MSB3026: No se pudo copiar "C:\Users\Usuario\.gemini\antigravity\scratch\TallerSaaS\src\TallerSaaS.Domain\bin\Debug\net9.0\TallerSaaS.Domain.dll" en "bin\Debug\net9.0\TallerSaaS.Domain.dll". Se iniciar├í el reintento 2 dentro de 1000ms. The process cannot access the file 'C:\Users\Usuario\.gemini\antigravity\scratch\TallerSaaS\src\TallerSaaS.Web\bin\Debug\net9.0\TallerSaaS.Domain.dll' because it is being used by another process. El archivo se ha bloqueado por: "TallerSaaS.Web (7836)" [C:\Users\Usuario\.gemini\antigravity\scratch\TallerSaaS\src\TallerSaaS.Web\TallerSaaS.Web.csproj]
C:\Program Files\dotnet\sdk\9.0.311\Microsoft.Common.CurrentVersion.targets(5093,5): warning MSB3026: No se pudo copiar "C:\Users\Usuario\.gemini\antigravity\scratch\TallerSaaS\src\TallerSaaS.Application\bin\Debug\net9.0\TallerSaaS.Application.dll" en "bin\Debug\net9.0\TallerSaaS.Application.dll". Se iniciar├í el reintento 2 dentro de 1000ms. The process cannot access the file 'C:\Users\Usuario\.gemini\antigravity\scratch\TallerSaaS\src\TallerSaaS.Web\bin\Debug\net9.0\TallerSaaS.Application.dll' because it is being used by another process. El archivo se ha bloqueado por: "Microsoft Visual Studio 2022 (19376), TallerSaaS.Web (7836)" [C:\Users\Usuario\.gemini\antigravity\scratch\TallerSaaS\src\TallerSaaS.Web\TallerSaaS.Web.csproj]
C:\Program Files\dotnet\sdk\9.0.311\Microsoft.Common.CurrentVersion.targets(5093,5): warning MSB3026: No se pudo copiar "C:\Users\Usuario\.gemini\antigravity\scratch\TallerSaaS\src\TallerSaaS.Infrastructure\bin\Debug\net9.0\TallerSaaS.Infrastructure.dll" en "bin\Debug\net9.0\TallerSaaS.Infrastructure.dll". Se iniciar├í el reintento 2 dentro de 1000ms. The process cannot access the file 'C:\Users\Usuario\.gemini\antigravity\scratch\TallerSaaS\src\TallerSaaS.Web\bin\Debug\net9.0\TallerSaaS.Infrastructure.dll' because it is being used by another process. El archivo se ha bloqueado por: "Microsoft Visual Studio 2022 (19376), TallerSaaS.Web (7836)" [C:\Users\Usuario\.gemini\antigravity\scratch\TallerSaaS\src\TallerSaaS.Web\TallerSaaS.Web.csproj]
C:\Program Files\dotnet\sdk\9.0.311\Microsoft.Common.CurrentVersion.targets(5093,5): warning MSB3026: No se pudo copiar "C:\Users\Usuario\.gemini\antigravity\scratch\TallerSaaS\src\TallerSaaS.Domain\bin\Debug\net9.0\TallerSaaS.Domain.dll" en "bin\Debug\net9.0\TallerSaaS.Domain.dll". Se iniciar├í el reintento 3 dentro de 1000ms. The process cannot access the file 'C:\Users\Usuario\.gemini\antigravity\scratch\TallerSaaS\src\TallerSaaS.Web\bin\Debug\net9.0\TallerSaaS.Domain.dll' because it is being used by another process. El archivo se ha bloqueado por: "TallerSaaS.Web (7836)" [C:\Users\Usuario\.gemini\antigravity\scratch\TallerSaaS\src\TallerSaaS.Web\TallerSaaS.Web.csproj]
C:\Program Files\dotnet\sdk\9.0.311\Microsoft.Common.CurrentVersion.targets(5093,5): warning MSB3026: No se pudo copiar "C:\Users\Usuario\.gemini\antigravity\scratch\TallerSaaS\src\TallerSaaS.Infrastructure\bin\Debug\net9.0\TallerSaaS.Infrastructure.dll" en "bin\Debug\net9.0\TallerSaaS.Infrastructure.dll". Se iniciar├í el reintento 3 dentro de 1000ms. The process cannot access the file 'C:\Users\Usuario\.gemini\antigravity\scratch\TallerSaaS\src\TallerSaaS.Web\bin\Debug\net9.0\TallerSaaS.Infrastructure.dll' because it is being used by another process. El archivo se ha bloqueado por: "Microsoft Visual Studio 2022 (19376), TallerSaaS.Web (7836)" [C:\Users\Usuario\.gemini\antigravity\scratch\TallerSaaS\src\TallerSaaS.Web\TallerSaaS.Web.csproj]
C:\Program Files\dotnet\sdk\9.0.311\Microsoft.Common.CurrentVersion.targets(5093,5): warning MSB3026: No se pudo copiar "C:\Users\Usuario\.gemini\antigravity\scratch\TallerSaaS\src\TallerSaaS.Application\bin\Debug\net9.0\TallerSaaS.Application.dll" en "bin\Debug\net9.0\TallerSaaS.Application.dll". Se iniciar├í el reintento 3 dentro de 1000ms. The process cannot access the file 'C:\Users\Usuario\.gemini\antigravity\scratch\TallerSaaS\src\TallerSaaS.Web\bin\Debug\net9.0\TallerSaaS.Application.dll' because it is being used by another process. El archivo se ha bloqueado por: "Microsoft Visual Studio 2022 (19376), TallerSaaS.Web (7836)" [C:\Users\Usuario\.gemini\antigravity\scratch\TallerSaaS\src\TallerSaaS.Web\TallerSaaS.Web.csproj]
C:\Program Files\dotnet\sdk\9.0.311\Microsoft.Common.CurrentVersion.targets(5093,5): warning MSB3026: No se pudo copiar "C:\Users\Usuario\.gemini\antigravity\scratch\TallerSaaS\src\TallerSaaS.Domain\bin\Debug\net9.0\TallerSaaS.Domain.dll" en "bin\Debug\net9.0\TallerSaaS.Domain.dll". Se iniciar├í el reintento 4 dentro de 1000ms. The process cannot access the file 'C:\Users\Usuario\.gemini\antigravity\scratch\TallerSaaS\src\TallerSaaS.Web\bin\Debug\net9.0\TallerSaaS.Domain.dll' because it is being used by another process. El archivo se ha bloqueado por: "TallerSaaS.Web (7836)" [C:\Users\Usuario\.gemini\antigravity\scratch\TallerSaaS\src\TallerSaaS.Web\TallerSaaS.Web.csproj]
C:\Program Files\dotnet\sdk\9.0.311\Microsoft.Common.CurrentVersion.targets(5093,5): warning MSB3026: No se pudo copiar "C:\Users\Usuario\.gemini\antigravity\scratch\TallerSaaS\src\TallerSaaS.Application\bin\Debug\net9.0\TallerSaaS.Application.dll" en "bin\Debug\net9.0\TallerSaaS.Application.dll". Se iniciar├í el reintento 4 dentro de 1000ms. The process cannot access the file 'C:\Users\Usuario\.gemini\antigravity\scratch\TallerSaaS\src\TallerSaaS.Web\bin\Debug\net9.0\TallerSaaS.Application.dll' because it is being used by another process. El archivo se ha bloqueado por: "Microsoft Visual Studio 2022 (19376), TallerSaaS.Web (7836)" [C:\Users\Usuario\.gemini\antigravity\scratch\TallerSaaS\src\TallerSaaS.Web\TallerSaaS.Web.csproj]
C:\Program Files\dotnet\sdk\9.0.311\Microsoft.Common.CurrentVersion.targets(5093,5): warning MSB3026: No se pudo copiar "C:\Users\Usuario\.gemini\antigravity\scratch\TallerSaaS\src\TallerSaaS.Infrastructure\bin\Debug\net9.0\TallerSaaS.Infrastructure.dll" en "bin\Debug\net9.0\TallerSaaS.Infrastructure.dll". Se iniciar├í el reintento 4 dentro de 1000ms. The process cannot access the file 'C:\Users\Usuario\.gemini\antigravity\scratch\TallerSaaS\src\TallerSaaS.Web\bin\Debug\net9.0\TallerSaaS.Infrastructure.dll' because it is being used by another process. El archivo se ha bloqueado por: "Microsoft Visual Studio 2022 (19376), TallerSaaS.Web (7836)" [C:\Users\Usuario\.gemini\antigravity\scratch\TallerSaaS\src\TallerSaaS.Web\TallerSaaS.Web.csproj]
C:\Program Files\dotnet\sdk\9.0.311\Microsoft.Common.CurrentVersion.targets(5093,5): warning MSB3026: No se pudo copiar "C:\Users\Usuario\.gemini\antigravity\scratch\TallerSaaS\src\TallerSaaS.Domain\bin\Debug\net9.0\TallerSaaS.Domain.dll" en "bin\Debug\net9.0\TallerSaaS.Domain.dll". Se iniciar├í el reintento 5 dentro de 1000ms. The process cannot access the file 'C:\Users\Usuario\.gemini\antigravity\scratch\TallerSaaS\src\TallerSaaS.Web\bin\Debug\net9.0\TallerSaaS.Domain.dll' because it is being used by another process. El archivo se ha bloqueado por: "TallerSaaS.Web (7836)" [C:\Users\Usuario\.gemini\antigravity\scratch\TallerSaaS\src\TallerSaaS.Web\TallerSaaS.Web.csproj]
C:\Program Files\dotnet\sdk\9.0.311\Microsoft.Common.CurrentVersion.targets(5093,5): warning MSB3026: No se pudo copiar "C:\Users\Usuario\.gemini\antigravity\scratch\TallerSaaS\src\TallerSaaS.Application\bin\Debug\net9.0\TallerSaaS.Application.dll" en "bin\Debug\net9.0\TallerSaaS.Application.dll". Se iniciar├í el reintento 5 dentro de 1000ms. The process cannot access the file 'C:\Users\Usuario\.gemini\antigravity\scratch\TallerSaaS\src\TallerSaaS.Web\bin\Debug\net9.0\TallerSaaS.Application.dll' because it is being used by another process. El archivo se ha bloqueado por: "Microsoft Visual Studio 2022 (19376), TallerSaaS.Web (7836)" [C:\Users\Usuario\.gemini\antigravity\scratch\TallerSaaS\src\TallerSaaS.Web\TallerSaaS.Web.csproj]
C:\Program Files\dotnet\sdk\9.0.311\Microsoft.Common.CurrentVersion.targets(5093,5): warning MSB3026: No se pudo copiar "C:\Users\Usuario\.gemini\antigravity\scratch\TallerSaaS\src\TallerSaaS.Infrastructure\bin\Debug\net9.0\TallerSaaS.Infrastructure.dll" en "bin\Debug\net9.0\TallerSaaS.Infrastructure.dll". Se iniciar├í el reintento 5 dentro de 1000ms. The process cannot access the file 'C:\Users\Usuario\.gemini\antigravity\scratch\TallerSaaS\src\TallerSaaS.Web\bin\Debug\net9.0\TallerSaaS.Infrastructure.dll' because it is being used by another process. El archivo se ha bloqueado por: "Microsoft Visual Studio 2022 (19376), TallerSaaS.Web (7836)" [C:\Users\Usuario\.gemini\antigravity\scratch\TallerSaaS\src\TallerSaaS.Web\TallerSaaS.Web.csproj]
C:\Program Files\dotnet\sdk\9.0.311\Microsoft.Common.CurrentVersion.targets(5093,5): warning MSB3026: No se pudo copiar "C:\Users\Usuario\.gemini\antigravity\scratch\TallerSaaS\src\TallerSaaS.Domain\bin\Debug\net9.0\TallerSaaS.Domain.dll" en "bin\Debug\net9.0\TallerSaaS.Domain.dll". Se iniciar├í el reintento 6 dentro de 1000ms. The process cannot access the file 'C:\Users\Usuario\.gemini\antigravity\scratch\TallerSaaS\src\TallerSaaS.Web\bin\Debug\net9.0\TallerSaaS.Domain.dll' because it is being used by another process. El archivo se ha bloqueado por: "TallerSaaS.Web (7836)" [C:\Users\Usuario\.gemini\antigravity\scratch\TallerSaaS\src\TallerSaaS.Web\TallerSaaS.Web.csproj]
C:\Program Files\dotnet\sdk\9.0.311\Microsoft.Common.CurrentVersion.targets(5093,5): warning MSB3026: No se pudo copiar "C:\Users\Usuario\.gemini\antigravity\scratch\TallerSaaS\src\TallerSaaS.Application\bin\Debug\net9.0\TallerSaaS.Application.dll" en "bin\Debug\net9.0\TallerSaaS.Application.dll". Se iniciar├í el reintento 6 dentro de 1000ms. The process cannot access the file 'C:\Users\Usuario\.gemini\antigravity\scratch\TallerSaaS\src\TallerSaaS.Web\bin\Debug\net9.0\TallerSaaS.Application.dll' because it is being used by another process. El archivo se ha bloqueado por: "Microsoft Visual Studio 2022 (19376), TallerSaaS.Web (7836)" [C:\Users\Usuario\.gemini\antigravity\scratch\TallerSaaS\src\TallerSaaS.Web\TallerSaaS.Web.csproj]
C:\Program Files\dotnet\sdk\9.0.311\Microsoft.Common.CurrentVersion.targets(5093,5): warning MSB3026: No se pudo copiar "C:\Users\Usuario\.gemini\antigravity\scratch\TallerSaaS\src\TallerSaaS.Infrastructure\bin\Debug\net9.0\TallerSaaS.Infrastructure.dll" en "bin\Debug\net9.0\TallerSaaS.Infrastructure.dll". Se iniciar├í el reintento 6 dentro de 1000ms. The process cannot access the file 'C:\Users\Usuario\.gemini\antigravity\scratch\TallerSaaS\src\TallerSaaS.Web\bin\Debug\net9.0\TallerSaaS.Infrastructure.dll' because it is being used by another process. El archivo se ha bloqueado por: "Microsoft Visual Studio 2022 (19376), TallerSaaS.Web (7836)" [C:\Users\Usuario\.gemini\antigravity\scratch\TallerSaaS\src\TallerSaaS.Web\TallerSaaS.Web.csproj]
C:\Program Files\dotnet\sdk\9.0.311\Microsoft.Common.CurrentVersion.targets(5093,5): warning MSB3026: No se pudo copiar "C:\Users\Usuario\.gemini\antigravity\scratch\TallerSaaS\src\TallerSaaS.Domain\bin\Debug\net9.0\TallerSaaS.Domain.dll" en "bin\Debug\net9.0\TallerSaaS.Domain.dll". Se iniciar├í el reintento 7 dentro de 1000ms. The process cannot access the file 'C:\Users\Usuario\.gemini\antigravity\scratch\TallerSaaS\src\TallerSaaS.Web\bin\Debug\net9.0\TallerSaaS.Domain.dll' because it is being used by another process. El archivo se ha bloqueado por: "TallerSaaS.Web (7836)" [C:\Users\Usuario\.gemini\antigravity\scratch\TallerSaaS\src\TallerSaaS.Web\TallerSaaS.Web.csproj]
C:\Program Files\dotnet\sdk\9.0.311\Microsoft.Common.CurrentVersion.targets(5093,5): warning MSB3026: No se pudo copiar "C:\Users\Usuario\.gemini\antigravity\scratch\TallerSaaS\src\TallerSaaS.Application\bin\Debug\net9.0\TallerSaaS.Application.dll" en "bin\Debug\net9.0\TallerSaaS.Application.dll". Se iniciar├í el reintento 7 dentro de 1000ms. The process cannot access the file 'C:\Users\Usuario\.gemini\antigravity\scratch\TallerSaaS\src\TallerSaaS.Web\bin\Debug\net9.0\TallerSaaS.Application.dll' because it is being used by another process. El archivo se ha bloqueado por: "Microsoft Visual Studio 2022 (19376), TallerSaaS.Web (7836)" [C:\Users\Usuario\.gemini\antigravity\scratch\TallerSaaS\src\TallerSaaS.Web\TallerSaaS.Web.csproj]
C:\Program Files\dotnet\sdk\9.0.311\Microsoft.Common.CurrentVersion.targets(5093,5): warning MSB3026: No se pudo copiar "C:\Users\Usuario\.gemini\antigravity\scratch\TallerSaaS\src\TallerSaaS.Infrastructure\bin\Debug\net9.0\TallerSaaS.Infrastructure.dll" en "bin\Debug\net9.0\TallerSaaS.Infrastructure.dll". Se iniciar├í el reintento 7 dentro de 1000ms. The process cannot access the file 'C:\Users\Usuario\.gemini\antigravity\scratch\TallerSaaS\src\TallerSaaS.Web\bin\Debug\net9.0\TallerSaaS.Infrastructure.dll' because it is being used by another process. El archivo se ha bloqueado por: "Microsoft Visual Studio 2022 (19376), TallerSaaS.Web (7836)" [C:\Users\Usuario\.gemini\antigravity\scratch\TallerSaaS\src\TallerSaaS.Web\TallerSaaS.Web.csproj]
C:\Program Files\dotnet\sdk\9.0.311\Microsoft.Common.CurrentVersion.targets(5093,5): warning MSB3026: No se pudo copiar "C:\Users\Usuario\.gemini\antigravity\scratch\TallerSaaS\src\TallerSaaS.Domain\bin\Debug\net9.0\TallerSaaS.Domain.dll" en "bin\Debug\net9.0\TallerSaaS.Domain.dll". Se iniciar├í el reintento 8 dentro de 1000ms. The process cannot access the file 'C:\Users\Usuario\.gemini\antigravity\scratch\TallerSaaS\src\TallerSaaS.Web\bin\Debug\net9.0\TallerSaaS.Domain.dll' because it is being used by another process. El archivo se ha bloqueado por: "TallerSaaS.Web (7836)" [C:\Users\Usuario\.gemini\antigravity\scratch\TallerSaaS\src\TallerSaaS.Web\TallerSaaS.Web.csproj]
C:\Program Files\dotnet\sdk\9.0.311\Microsoft.Common.CurrentVersion.targets(5093,5): warning MSB3026: No se pudo copiar "C:\Users\Usuario\.gemini\antigravity\scratch\TallerSaaS\src\TallerSaaS.Application\bin\Debug\net9.0\TallerSaaS.Application.dll" en "bin\Debug\net9.0\TallerSaaS.Application.dll". Se iniciar├í el reintento 8 dentro de 1000ms. The process cannot access the file 'C:\Users\Usuario\.gemini\antigravity\scratch\TallerSaaS\src\TallerSaaS.Web\bin\Debug\net9.0\TallerSaaS.Application.dll' because it is being used by another process. El archivo se ha bloqueado por: "Microsoft Visual Studio 2022 (19376), TallerSaaS.Web (7836)" [C:\Users\Usuario\.gemini\antigravity\scratch\TallerSaaS\src\TallerSaaS.Web\TallerSaaS.Web.csproj]
C:\Program Files\dotnet\sdk\9.0.311\Microsoft.Common.CurrentVersion.targets(5093,5): warning MSB3026: No se pudo copiar "C:\Users\Usuario\.gemini\antigravity\scratch\TallerSaaS\src\TallerSaaS.Infrastructure\bin\Debug\net9.0\TallerSaaS.Infrastructure.dll" en "bin\Debug\net9.0\TallerSaaS.Infrastructure.dll". Se iniciar├í el reintento 8 dentro de 1000ms. The process cannot access the file 'C:\Users\Usuario\.gemini\antigravity\scratch\TallerSaaS\src\TallerSaaS.Web\bin\Debug\net9.0\TallerSaaS.Infrastructure.dll' because it is being used by another process. El archivo se ha bloqueado por: "Microsoft Visual Studio 2022 (19376), TallerSaaS.Web (7836)" [C:\Users\Usuario\.gemini\antigravity\scratch\TallerSaaS\src\TallerSaaS.Web\TallerSaaS.Web.csproj]
C:\Program Files\dotnet\sdk\9.0.311\Microsoft.Common.CurrentVersion.targets(5093,5): warning MSB3026: No se pudo copiar "C:\Users\Usuario\.gemini\antigravity\scratch\TallerSaaS\src\TallerSaaS.Domain\bin\Debug\net9.0\TallerSaaS.Domain.dll" en "bin\Debug\net9.0\TallerSaaS.Domain.dll". Se iniciar├í el reintento 9 dentro de 1000ms. The process cannot access the file 'C:\Users\Usuario\.gemini\antigravity\scratch\TallerSaaS\src\TallerSaaS.Web\bin\Debug\net9.0\TallerSaaS.Domain.dll' because it is being used by another process. El archivo se ha bloqueado por: "TallerSaaS.Web (7836)" [C:\Users\Usuario\.gemini\antigravity\scratch\TallerSaaS\src\TallerSaaS.Web\TallerSaaS.Web.csproj]
C:\Program Files\dotnet\sdk\9.0.311\Microsoft.Common.CurrentVersion.targets(5093,5): warning MSB3026: No se pudo copiar "C:\Users\Usuario\.gemini\antigravity\scratch\TallerSaaS\src\TallerSaaS.Infrastructure\bin\Debug\net9.0\TallerSaaS.Infrastructure.dll" en "bin\Debug\net9.0\TallerSaaS.Infrastructure.dll". Se iniciar├í el reintento 9 dentro de 1000ms. The process cannot access the file 'C:\Users\Usuario\.gemini\antigravity\scratch\TallerSaaS\src\TallerSaaS.Web\bin\Debug\net9.0\TallerSaaS.Infrastructure.dll' because it is being used by another process. El archivo se ha bloqueado por: "Microsoft Visual Studio 2022 (19376), TallerSaaS.Web (7836)" [C:\Users\Usuario\.gemini\antigravity\scratch\TallerSaaS\src\TallerSaaS.Web\TallerSaaS.Web.csproj]
C:\Program Files\dotnet\sdk\9.0.311\Microsoft.Common.CurrentVersion.targets(5093,5): warning MSB3026: No se pudo copiar "C:\Users\Usuario\.gemini\antigravity\scratch\TallerSaaS\src\TallerSaaS.Application\bin\Debug\net9.0\TallerSaaS.Application.dll" en "bin\Debug\net9.0\TallerSaaS.Application.dll". Se iniciar├í el reintento 9 dentro de 1000ms. The process cannot access the file 'C:\Users\Usuario\.gemini\antigravity\scratch\TallerSaaS\src\TallerSaaS.Web\bin\Debug\net9.0\TallerSaaS.Application.dll' because it is being used by another process. El archivo se ha bloqueado por: "Microsoft Visual Studio 2022 (19376), TallerSaaS.Web (7836)" [C:\Users\Usuario\.gemini\antigravity\scratch\TallerSaaS\src\TallerSaaS.Web\TallerSaaS.Web.csproj]
C:\Program Files\dotnet\sdk\9.0.311\Microsoft.Common.CurrentVersion.targets(5093,5): warning MSB3026: No se pudo copiar "C:\Users\Usuario\.gemini\antigravity\scratch\TallerSaaS\src\TallerSaaS.Domain\bin\Debug\net9.0\TallerSaaS.Domain.dll" en "bin\Debug\net9.0\TallerSaaS.Domain.dll". Se iniciar├í el reintento 10 dentro de 1000ms. The process cannot access the file 'C:\Users\Usuario\.gemini\antigravity\scratch\TallerSaaS\src\TallerSaaS.Web\bin\Debug\net9.0\TallerSaaS.Domain.dll' because it is being used by another process. El archivo se ha bloqueado por: "TallerSaaS.Web (7836)" [C:\Users\Usuario\.gemini\antigravity\scratch\TallerSaaS\src\TallerSaaS.Web\TallerSaaS.Web.csproj]
C:\Program Files\dotnet\sdk\9.0.311\Microsoft.Common.CurrentVersion.targets(5093,5): warning MSB3026: No se pudo copiar "C:\Users\Usuario\.gemini\antigravity\scratch\TallerSaaS\src\TallerSaaS.Application\bin\Debug\net9.0\TallerSaaS.Application.dll" en "bin\Debug\net9.0\TallerSaaS.Application.dll". Se iniciar├í el reintento 10 dentro de 1000ms. The process cannot access the file 'C:\Users\Usuario\.gemini\antigravity\scratch\TallerSaaS\src\TallerSaaS.Web\bin\Debug\net9.0\TallerSaaS.Application.dll' because it is being used by another process. El archivo se ha bloqueado por: "Microsoft Visual Studio 2022 (19376), TallerSaaS.Web (7836)" [C:\Users\Usuario\.gemini\antigravity\scratch\TallerSaaS\src\TallerSaaS.Web\TallerSaaS.Web.csproj]
C:\Program Files\dotnet\sdk\9.0.311\Microsoft.Common.CurrentVersion.targets(5093,5): warning MSB3026: No se pudo copiar "C:\Users\Usuario\.gemini\antigravity\scratch\TallerSaaS\src\TallerSaaS.Infrastructure\bin\Debug\net9.0\TallerSaaS.Infrastructure.dll" en "bin\Debug\net9.0\TallerSaaS.Infrastructure.dll". Se iniciar├í el reintento 10 dentro de 1000ms. The process cannot access the file 'C:\Users\Usuario\.gemini\antigravity\scratch\TallerSaaS\src\TallerSaaS.Web\bin\Debug\net9.0\TallerSaaS.Infrastructure.dll' because it is being used by another process. El archivo se ha bloqueado por: "Microsoft Visual Studio 2022 (19376), TallerSaaS.Web (7836)" [C:\Users\Usuario\.gemini\antigravity\scratch\TallerSaaS\src\TallerSaaS.Web\TallerSaaS.Web.csproj]
C:\Program Files\dotnet\sdk\9.0.311\Microsoft.Common.CurrentVersion.targets(5093,5): error MSB3027: No se pudo copiar "C:\Users\Usuario\.gemini\antigravity\scratch\TallerSaaS\src\TallerSaaS.Domain\bin\Debug\net9.0\TallerSaaS.Domain.dll" en "bin\Debug\net9.0\TallerSaaS.Domain.dll". Se super├│ el n├║mero de 10 reintentos. Error. El archivo se ha bloqueado por: "TallerSaaS.Web (7836)" [C:\Users\Usuario\.gemini\antigravity\scratch\TallerSaaS\src\TallerSaaS.Web\TallerSaaS.Web.csproj]
C:\Program Files\dotnet\sdk\9.0.311\Microsoft.Common.CurrentVersion.targets(5093,5): error MSB3021: No se puede copiar "C:\Users\Usuario\.gemini\antigravity\scratch\TallerSaaS\src\TallerSaaS.Domain\bin\Debug\net9.0\TallerSaaS.Domain.dll" en "bin\Debug\net9.0\TallerSaaS.Domain.dll". The process cannot access the file 'C:\Users\Usuario\.gemini\antigravity\scratch\TallerSaaS\src\TallerSaaS.Web\bin\Debug\net9.0\TallerSaaS.Domain.dll' because it is being used by another process. [C:\Users\Usuario\.gemini\antigravity\scratch\TallerSaaS\src\TallerSaaS.Web\TallerSaaS.Web.csproj]
C:\Program Files\dotnet\sdk\9.0.311\Microsoft.Common.CurrentVersion.targets(5093,5): error MSB3027: No se pudo copiar "C:\Users\Usuario\.gemini\antigravity\scratch\TallerSaaS\src\TallerSaaS.Application\bin\Debug\net9.0\TallerSaaS.Application.dll" en "bin\Debug\net9.0\TallerSaaS.Application.dll". Se super├│ el n├║mero de 10 reintentos. Error. El archivo se ha bloqueado por: "Microsoft Visual Studio 2022 (19376), TallerSaaS.Web (7836)" [C:\Users\Usuario\.gemini\antigravity\scratch\TallerSaaS\src\TallerSaaS.Web\TallerSaaS.Web.csproj]
C:\Program Files\dotnet\sdk\9.0.311\Microsoft.Common.CurrentVersion.targets(5093,5): error MSB3021: No se puede copiar "C:\Users\Usuario\.gemini\antigravity\scratch\TallerSaaS\src\TallerSaaS.Application\bin\Debug\net9.0\TallerSaaS.Application.dll" en "bin\Debug\net9.0\TallerSaaS.Application.dll". The process cannot access the file 'C:\Users\Usuario\.gemini\antigravity\scratch\TallerSaaS\src\TallerSaaS.Web\bin\Debug\net9.0\TallerSaaS.Application.dll' because it is being used by another process. [C:\Users\Usuario\.gemini\antigravity\scratch\TallerSaaS\src\TallerSaaS.Web\TallerSaaS.Web.csproj]
C:\Program Files\dotnet\sdk\9.0.311\Microsoft.Common.CurrentVersion.targets(5093,5): error MSB3027: No se pudo copiar "C:\Users\Usuario\.gemini\antigravity\scratch\TallerSaaS\src\TallerSaaS.Infrastructure\bin\Debug\net9.0\TallerSaaS.Infrastructure.dll" en "bin\Debug\net9.0\TallerSaaS.Infrastructure.dll". Se super├│ el n├║mero de 10 reintentos. Error. El archivo se ha bloqueado por: "Microsoft Visual Studio 2022 (19376), TallerSaaS.Web (7836)" [C:\Users\Usuario\.gemini\antigravity\scratch\TallerSaaS\src\TallerSaaS.Web\TallerSaaS.Web.csproj]
C:\Program Files\dotnet\sdk\9.0.311\Microsoft.Common.CurrentVersion.targets(5093,5): error MSB3021: No se puede copiar "C:\Users\Usuario\.gemini\antigravity\scratch\TallerSaaS\src\TallerSaaS.Infrastructure\bin\Debug\net9.0\TallerSaaS.Infrastructure.dll" en "bin\Debug\net9.0\TallerSaaS.Infrastructure.dll". The process cannot access the file 'C:\Users\Usuario\.gemini\antigravity\scratch\TallerSaaS\src\TallerSaaS.Web\bin\Debug\net9.0\TallerSaaS.Infrastructure.dll' because it is being used by another process. [C:\Users\Usuario\.gemini\antigravity\scratch\TallerSaaS\src\TallerSaaS.Web\TallerSaaS.Web.csproj]

ERROR al compilar.

C:\Program Files\dotnet\sdk\9.0.311\Microsoft.Common.CurrentVersion.targets(5093,5): warning MSB3026: No se pudo copiar "C:\Users\Usuario\.gemini\antigravity\scratch\TallerSaaS\src\TallerSaaS.Domain\bin\Debug\net9.0\TallerSaaS.Domain.dll" en "bin\Debug\net9.0\TallerSaaS.Domain.dll". Se iniciar├í el reintento 1 dentro de 1000ms. The process cannot access the file 'C:\Users\Usuario\.gemini\antigravity\scratch\TallerSaaS\src\TallerSaaS.Web\bin\Debug\net9.0\TallerSaaS.Domain.dll' because it is being used by another process. El archivo se ha bloqueado por: "TallerSaaS.Web (7836)" [C:\Users\Usuario\.gemini\antigravity\scratch\TallerSaaS\src\TallerSaaS.Web\TallerSaaS.Web.csproj]
C:\Program Files\dotnet\sdk\9.0.311\Microsoft.Common.CurrentVersion.targets(5093,5): warning MSB3026: No se pudo copiar "C:\Users\Usuario\.gemini\antigravity\scratch\TallerSaaS\src\TallerSaaS.Infrastructure\bin\Debug\net9.0\TallerSaaS.Infrastructure.dll" en "bin\Debug\net9.0\TallerSaaS.Infrastructure.dll". Se iniciar├í el reintento 1 dentro de 1000ms. The process cannot access the file 'C:\Users\Usuario\.gemini\antigravity\scratch\TallerSaaS\src\TallerSaaS.Web\bin\Debug\net9.0\TallerSaaS.Infrastructure.dll' because it is being used by another process. El archivo se ha bloqueado por: "Microsoft Visual Studio 2022 (19376), TallerSaaS.Web (7836)" [C:\Users\Usuario\.gemini\antigravity\scratch\TallerSaaS\src\TallerSaaS.Web\TallerSaaS.Web.csproj]
C:\Program Files\dotnet\sdk\9.0.311\Microsoft.Common.CurrentVersion.targets(5093,5): warning MSB3026: No se pudo copiar "C:\Users\Usuario\.gemini\antigravity\scratch\TallerSaaS\src\TallerSaaS.Application\bin\Debug\net9.0\TallerSaaS.Application.dll" en "bin\Debug\net9.0\TallerSaaS.Application.dll". Se iniciar├í el reintento 1 dentro de 1000ms. The process cannot access the file 'C:\Users\Usuario\.gemini\antigravity\scratch\TallerSaaS\src\TallerSaaS.Web\bin\Debug\net9.0\TallerSaaS.Application.dll' because it is being used by another process. El archivo se ha bloqueado por: "Microsoft Visual Studio 2022 (19376), TallerSaaS.Web (7836)" [C:\Users\Usuario\.gemini\antigravity\scratch\TallerSaaS\src\TallerSaaS.Web\TallerSaaS.Web.csproj]
C:\Program Files\dotnet\sdk\9.0.311\Microsoft.Common.CurrentVersion.targets(5093,5): warning MSB3026: No se pudo copiar "C:\Users\Usuario\.gemini\antigravity\scratch\TallerSaaS\src\TallerSaaS.Domain\bin\Debug\net9.0\TallerSaaS.Domain.dll" en "bin\Debug\net9.0\TallerSaaS.Domain.dll". Se iniciar├í el reintento 2 dentro de 1000ms. The process cannot access the file 'C:\Users\Usuario\.gemini\antigravity\scratch\TallerSaaS\src\TallerSaaS.Web\bin\Debug\net9.0\TallerSaaS.Domain.dll' because it is being used by another process. El archivo se ha bloqueado por: "TallerSaaS.Web (7836)" [C:\Users\Usuario\.gemini\antigravity\scratch\TallerSaaS\src\TallerSaaS.Web\TallerSaaS.Web.csproj]
C:\Program Files\dotnet\sdk\9.0.311\Microsoft.Common.CurrentVersion.targets(5093,5): warning MSB3026: No se pudo copiar "C:\Users\Usuario\.gemini\antigravity\scratch\TallerSaaS\src\TallerSaaS.Application\bin\Debug\net9.0\TallerSaaS.Application.dll" en "bin\Debug\net9.0\TallerSaaS.Application.dll". Se iniciar├í el reintento 2 dentro de 1000ms. The process cannot access the file 'C:\Users\Usuario\.gemini\antigravity\scratch\TallerSaaS\src\TallerSaaS.Web\bin\Debug\net9.0\TallerSaaS.Application.dll' because it is being used by another process. El archivo se ha bloqueado por: "Microsoft Visual Studio 2022 (19376), TallerSaaS.Web (7836)" [C:\Users\Usuario\.gemini\antigravity\scratch\TallerSaaS\src\TallerSaaS.Web\TallerSaaS.Web.csproj]
C:\Program Files\dotnet\sdk\9.0.311\Microsoft.Common.CurrentVersion.targets(5093,5): warning MSB3026: No se pudo copiar "C:\Users\Usuario\.gemini\antigravity\scratch\TallerSaaS\src\TallerSaaS.Infrastructure\bin\Debug\net9.0\TallerSaaS.Infrastructure.dll" en "bin\Debug\net9.0\TallerSaaS.Infrastructure.dll". Se iniciar├í el reintento 2 dentro de 1000ms. The process cannot access the file 'C:\Users\Usuario\.gemini\antigravity\scratch\TallerSaaS\src\TallerSaaS.Web\bin\Debug\net9.0\TallerSaaS.Infrastructure.dll' because it is being used by another process. El archivo se ha bloqueado por: "Microsoft Visual Studio 2022 (19376), TallerSaaS.Web (7836)" [C:\Users\Usuario\.gemini\antigravity\scratch\TallerSaaS\src\TallerSaaS.Web\TallerSaaS.Web.csproj]
C:\Program Files\dotnet\sdk\9.0.311\Microsoft.Common.CurrentVersion.targets(5093,5): warning MSB3026: No se pudo copiar "C:\Users\Usuario\.gemini\antigravity\scratch\TallerSaaS\src\TallerSaaS.Domain\bin\Debug\net9.0\TallerSaaS.Domain.dll" en "bin\Debug\net9.0\TallerSaaS.Domain.dll". Se iniciar├í el reintento 3 dentro de 1000ms. The process cannot access the file 'C:\Users\Usuario\.gemini\antigravity\scratch\TallerSaaS\src\TallerSaaS.Web\bin\Debug\net9.0\TallerSaaS.Domain.dll' because it is being used by another process. El archivo se ha bloqueado por: "TallerSaaS.Web (7836)" [C:\Users\Usuario\.gemini\antigravity\scratch\TallerSaaS\src\TallerSaaS.Web\TallerSaaS.Web.csproj]
C:\Program Files\dotnet\sdk\9.0.311\Microsoft.Common.CurrentVersion.targets(5093,5): warning MSB3026: No se pudo copiar "C:\Users\Usuario\.gemini\antigravity\scratch\TallerSaaS\src\TallerSaaS.Infrastructure\bin\Debug\net9.0\TallerSaaS.Infrastructure.dll" en "bin\Debug\net9.0\TallerSaaS.Infrastructure.dll". Se iniciar├í el reintento 3 dentro de 1000ms. The process cannot access the file 'C:\Users\Usuario\.gemini\antigravity\scratch\TallerSaaS\src\TallerSaaS.Web\bin\Debug\net9.0\TallerSaaS.Infrastructure.dll' because it is being used by another process. El archivo se ha bloqueado por: "Microsoft Visual Studio 2022 (19376), TallerSaaS.Web (7836)" [C:\Users\Usuario\.gemini\antigravity\scratch\TallerSaaS\src\TallerSaaS.Web\TallerSaaS.Web.csproj]
C:\Program Files\dotnet\sdk\9.0.311\Microsoft.Common.CurrentVersion.targets(5093,5): warning MSB3026: No se pudo copiar "C:\Users\Usuario\.gemini\antigravity\scratch\TallerSaaS\src\TallerSaaS.Application\bin\Debug\net9.0\TallerSaaS.Application.dll" en "bin\Debug\net9.0\TallerSaaS.Application.dll". Se iniciar├í el reintento 3 dentro de 1000ms. The process cannot access the file 'C:\Users\Usuario\.gemini\antigravity\scratch\TallerSaaS\src\TallerSaaS.Web\bin\Debug\net9.0\TallerSaaS.Application.dll' because it is being used by another process. El archivo se ha bloqueado por: "Microsoft Visual Studio 2022 (19376), TallerSaaS.Web (7836)" [C:\Users\Usuario\.gemini\antigravity\scratch\TallerSaaS\src\TallerSaaS.Web\TallerSaaS.Web.csproj]
C:\Program Files\dotnet\sdk\9.0.311\Microsoft.Common.CurrentVersion.targets(5093,5): warning MSB3026: No se pudo copiar "C:\Users\Usuario\.gemini\antigravity\scratch\TallerSaaS\src\TallerSaaS.Domain\bin\Debug\net9.0\TallerSaaS.Domain.dll" en "bin\Debug\net9.0\TallerSaaS.Domain.dll". Se iniciar├í el reintento 4 dentro de 1000ms. The process cannot access the file 'C:\Users\Usuario\.gemini\antigravity\scratch\TallerSaaS\src\TallerSaaS.Web\bin\Debug\net9.0\TallerSaaS.Domain.dll' because it is being used by another process. El archivo se ha bloqueado por: "TallerSaaS.Web (7836)" [C:\Users\Usuario\.gemini\antigravity\scratch\TallerSaaS\src\TallerSaaS.Web\TallerSaaS.Web.csproj]
C:\Program Files\dotnet\sdk\9.0.311\Microsoft.Common.CurrentVersion.targets(5093,5): warning MSB3026: No se pudo copiar "C:\Users\Usuario\.gemini\antigravity\scratch\TallerSaaS\src\TallerSaaS.Application\bin\Debug\net9.0\TallerSaaS.Application.dll" en "bin\Debug\net9.0\TallerSaaS.Application.dll". Se iniciar├í el reintento 4 dentro de 1000ms. The process cannot access the file 'C:\Users\Usuario\.gemini\antigravity\scratch\TallerSaaS\src\TallerSaaS.Web\bin\Debug\net9.0\TallerSaaS.Application.dll' because it is being used by another process. El archivo se ha bloqueado por: "Microsoft Visual Studio 2022 (19376), TallerSaaS.Web (7836)" [C:\Users\Usuario\.gemini\antigravity\scratch\TallerSaaS\src\TallerSaaS.Web\TallerSaaS.Web.csproj]
C:\Program Files\dotnet\sdk\9.0.311\Microsoft.Common.CurrentVersion.targets(5093,5): warning MSB3026: No se pudo copiar "C:\Users\Usuario\.gemini\antigravity\scratch\TallerSaaS\src\TallerSaaS.Infrastructure\bin\Debug\net9.0\TallerSaaS.Infrastructure.dll" en "bin\Debug\net9.0\TallerSaaS.Infrastructure.dll". Se iniciar├í el reintento 4 dentro de 1000ms. The process cannot access the file 'C:\Users\Usuario\.gemini\antigravity\scratch\TallerSaaS\src\TallerSaaS.Web\bin\Debug\net9.0\TallerSaaS.Infrastructure.dll' because it is being used by another process. El archivo se ha bloqueado por: "Microsoft Visual Studio 2022 (19376), TallerSaaS.Web (7836)" [C:\Users\Usuario\.gemini\antigravity\scratch\TallerSaaS\src\TallerSaaS.Web\TallerSaaS.Web.csproj]
C:\Program Files\dotnet\sdk\9.0.311\Microsoft.Common.CurrentVersion.targets(5093,5): warning MSB3026: No se pudo copiar "C:\Users\Usuario\.gemini\antigravity\scratch\TallerSaaS\src\TallerSaaS.Domain\bin\Debug\net9.0\TallerSaaS.Domain.dll" en "bin\Debug\net9.0\TallerSaaS.Domain.dll". Se iniciar├í el reintento 5 dentro de 1000ms. The process cannot access the file 'C:\Users\Usuario\.gemini\antigravity\scratch\TallerSaaS\src\TallerSaaS.Web\bin\Debug\net9.0\TallerSaaS.Domain.dll' because it is being used by another process. El archivo se ha bloqueado por: "TallerSaaS.Web (7836)" [C:\Users\Usuario\.gemini\antigravity\scratch\TallerSaaS\src\TallerSaaS.Web\TallerSaaS.Web.csproj]
C:\Program Files\dotnet\sdk\9.0.311\Microsoft.Common.CurrentVersion.targets(5093,5): warning MSB3026: No se pudo copiar "C:\Users\Usuario\.gemini\antigravity\scratch\TallerSaaS\src\TallerSaaS.Application\bin\Debug\net9.0\TallerSaaS.Application.dll" en "bin\Debug\net9.0\TallerSaaS.Application.dll". Se iniciar├í el reintento 5 dentro de 1000ms. The process cannot access the file 'C:\Users\Usuario\.gemini\antigravity\scratch\TallerSaaS\src\TallerSaaS.Web\bin\Debug\net9.0\TallerSaaS.Application.dll' because it is being used by another process. El archivo se ha bloqueado por: "Microsoft Visual Studio 2022 (19376), TallerSaaS.Web (7836)" [C:\Users\Usuario\.gemini\antigravity\scratch\TallerSaaS\src\TallerSaaS.Web\TallerSaaS.Web.csproj]
C:\Program Files\dotnet\sdk\9.0.311\Microsoft.Common.CurrentVersion.targets(5093,5): warning MSB3026: No se pudo copiar "C:\Users\Usuario\.gemini\antigravity\scratch\TallerSaaS\src\TallerSaaS.Infrastructure\bin\Debug\net9.0\TallerSaaS.Infrastructure.dll" en "bin\Debug\net9.0\TallerSaaS.Infrastructure.dll". Se iniciar├í el reintento 5 dentro de 1000ms. The process cannot access the file 'C:\Users\Usuario\.gemini\antigravity\scratch\TallerSaaS\src\TallerSaaS.Web\bin\Debug\net9.0\TallerSaaS.Infrastructure.dll' because it is being used by another process. El archivo se ha bloqueado por: "Microsoft Visual Studio 2022 (19376), TallerSaaS.Web (7836)" [C:\Users\Usuario\.gemini\antigravity\scratch\TallerSaaS\src\TallerSaaS.Web\TallerSaaS.Web.csproj]
C:\Program Files\dotnet\sdk\9.0.311\Microsoft.Common.CurrentVersion.targets(5093,5): warning MSB3026: No se pudo copiar "C:\Users\Usuario\.gemini\antigravity\scratch\TallerSaaS\src\TallerSaaS.Domain\bin\Debug\net9.0\TallerSaaS.Domain.dll" en "bin\Debug\net9.0\TallerSaaS.Domain.dll". Se iniciar├í el reintento 6 dentro de 1000ms. The process cannot access the file 'C:\Users\Usuario\.gemini\antigravity\scratch\TallerSaaS\src\TallerSaaS.Web\bin\Debug\net9.0\TallerSaaS.Domain.dll' because it is being used by another process. El archivo se ha bloqueado por: "TallerSaaS.Web (7836)" [C:\Users\Usuario\.gemini\antigravity\scratch\TallerSaaS\src\TallerSaaS.Web\TallerSaaS.Web.csproj]
C:\Program Files\dotnet\sdk\9.0.311\Microsoft.Common.CurrentVersion.targets(5093,5): warning MSB3026: No se pudo copiar "C:\Users\Usuario\.gemini\antigravity\scratch\TallerSaaS\src\TallerSaaS.Application\bin\Debug\net9.0\TallerSaaS.Application.dll" en "bin\Debug\net9.0\TallerSaaS.Application.dll". Se iniciar├í el reintento 6 dentro de 1000ms. The process cannot access the file 'C:\Users\Usuario\.gemini\antigravity\scratch\TallerSaaS\src\TallerSaaS.Web\bin\Debug\net9.0\TallerSaaS.Application.dll' because it is being used by another process. El archivo se ha bloqueado por: "Microsoft Visual Studio 2022 (19376), TallerSaaS.Web (7836)" [C:\Users\Usuario\.gemini\antigravity\scratch\TallerSaaS\src\TallerSaaS.Web\TallerSaaS.Web.csproj]
C:\Program Files\dotnet\sdk\9.0.311\Microsoft.Common.CurrentVersion.targets(5093,5): warning MSB3026: No se pudo copiar "C:\Users\Usuario\.gemini\antigravity\scratch\TallerSaaS\src\TallerSaaS.Infrastructure\bin\Debug\net9.0\TallerSaaS.Infrastructure.dll" en "bin\Debug\net9.0\TallerSaaS.Infrastructure.dll". Se iniciar├í el reintento 6 dentro de 1000ms. The process cannot access the file 'C:\Users\Usuario\.gemini\antigravity\scratch\TallerSaaS\src\TallerSaaS.Web\bin\Debug\net9.0\TallerSaaS.Infrastructure.dll' because it is being used by another process. El archivo se ha bloqueado por: "Microsoft Visual Studio 2022 (19376), TallerSaaS.Web (7836)" [C:\Users\Usuario\.gemini\antigravity\scratch\TallerSaaS\src\TallerSaaS.Web\TallerSaaS.Web.csproj]
C:\Program Files\dotnet\sdk\9.0.311\Microsoft.Common.CurrentVersion.targets(5093,5): warning MSB3026: No se pudo copiar "C:\Users\Usuario\.gemini\antigravity\scratch\TallerSaaS\src\TallerSaaS.Domain\bin\Debug\net9.0\TallerSaaS.Domain.dll" en "bin\Debug\net9.0\TallerSaaS.Domain.dll". Se iniciar├í el reintento 7 dentro de 1000ms. The process cannot access the file 'C:\Users\Usuario\.gemini\antigravity\scratch\TallerSaaS\src\TallerSaaS.Web\bin\Debug\net9.0\TallerSaaS.Domain.dll' because it is being used by another process. El archivo se ha bloqueado por: "TallerSaaS.Web (7836)" [C:\Users\Usuario\.gemini\antigravity\scratch\TallerSaaS\src\TallerSaaS.Web\TallerSaaS.Web.csproj]
C:\Program Files\dotnet\sdk\9.0.311\Microsoft.Common.CurrentVersion.targets(5093,5): warning MSB3026: No se pudo copiar "C:\Users\Usuario\.gemini\antigravity\scratch\TallerSaaS\src\TallerSaaS.Application\bin\Debug\net9.0\TallerSaaS.Application.dll" en "bin\Debug\net9.0\TallerSaaS.Application.dll". Se iniciar├í el reintento 7 dentro de 1000ms. The process cannot access the file 'C:\Users\Usuario\.gemini\antigravity\scratch\TallerSaaS\src\TallerSaaS.Web\bin\Debug\net9.0\TallerSaaS.Application.dll' because it is being used by another process. El archivo se ha bloqueado por: "Microsoft Visual Studio 2022 (19376), TallerSaaS.Web (7836)" [C:\Users\Usuario\.gemini\antigravity\scratch\TallerSaaS\src\TallerSaaS.Web\TallerSaaS.Web.csproj]
C:\Program Files\dotnet\sdk\9.0.311\Microsoft.Common.CurrentVersion.targets(5093,5): warning MSB3026: No se pudo copiar "C:\Users\Usuario\.gemini\antigravity\scratch\TallerSaaS\src\TallerSaaS.Infrastructure\bin\Debug\net9.0\TallerSaaS.Infrastructure.dll" en "bin\Debug\net9.0\TallerSaaS.Infrastructure.dll". Se iniciar├í el reintento 7 dentro de 1000ms. The process cannot access the file 'C:\Users\Usuario\.gemini\antigravity\scratch\TallerSaaS\src\TallerSaaS.Web\bin\Debug\net9.0\TallerSaaS.Infrastructure.dll' because it is being used by another process. El archivo se ha bloqueado por: "Microsoft Visual Studio 2022 (19376), TallerSaaS.Web (7836)" [C:\Users\Usuario\.gemini\antigravity\scratch\TallerSaaS\src\TallerSaaS.Web\TallerSaaS.Web.csproj]
C:\Program Files\dotnet\sdk\9.0.311\Microsoft.Common.CurrentVersion.targets(5093,5): warning MSB3026: No se pudo copiar "C:\Users\Usuario\.gemini\antigravity\scratch\TallerSaaS\src\TallerSaaS.Domain\bin\Debug\net9.0\TallerSaaS.Domain.dll" en "bin\Debug\net9.0\TallerSaaS.Domain.dll". Se iniciar├í el reintento 8 dentro de 1000ms. The process cannot access the file 'C:\Users\Usuario\.gemini\antigravity\scratch\TallerSaaS\src\TallerSaaS.Web\bin\Debug\net9.0\TallerSaaS.Domain.dll' because it is being used by another process. El archivo se ha bloqueado por: "TallerSaaS.Web (7836)" [C:\Users\Usuario\.gemini\antigravity\scratch\TallerSaaS\src\TallerSaaS.Web\TallerSaaS.Web.csproj]
C:\Program Files\dotnet\sdk\9.0.311\Microsoft.Common.CurrentVersion.targets(5093,5): warning MSB3026: No se pudo copiar "C:\Users\Usuario\.gemini\antigravity\scratch\TallerSaaS\src\TallerSaaS.Application\bin\Debug\net9.0\TallerSaaS.Application.dll" en "bin\Debug\net9.0\TallerSaaS.Application.dll". Se iniciar├í el reintento 8 dentro de 1000ms. The process cannot access the file 'C:\Users\Usuario\.gemini\antigravity\scratch\TallerSaaS\src\TallerSaaS.Web\bin\Debug\net9.0\TallerSaaS.Application.dll' because it is being used by another process. El archivo se ha bloqueado por: "Microsoft Visual Studio 2022 (19376), TallerSaaS.Web (7836)" [C:\Users\Usuario\.gemini\antigravity\scratch\TallerSaaS\src\TallerSaaS.Web\TallerSaaS.Web.csproj]
C:\Program Files\dotnet\sdk\9.0.311\Microsoft.Common.CurrentVersion.targets(5093,5): warning MSB3026: No se pudo copiar "C:\Users\Usuario\.gemini\antigravity\scratch\TallerSaaS\src\TallerSaaS.Infrastructure\bin\Debug\net9.0\TallerSaaS.Infrastructure.dll" en "bin\Debug\net9.0\TallerSaaS.Infrastructure.dll". Se iniciar├í el reintento 8 dentro de 1000ms. The process cannot access the file 'C:\Users\Usuario\.gemini\antigravity\scratch\TallerSaaS\src\TallerSaaS.Web\bin\Debug\net9.0\TallerSaaS.Infrastructure.dll' because it is being used by another process. El archivo se ha bloqueado por: "Microsoft Visual Studio 2022 (19376), TallerSaaS.Web (7836)" [C:\Users\Usuario\.gemini\antigravity\scratch\TallerSaaS\src\TallerSaaS.Web\TallerSaaS.Web.csproj]
C:\Program Files\dotnet\sdk\9.0.311\Microsoft.Common.CurrentVersion.targets(5093,5): warning MSB3026: No se pudo copiar "C:\Users\Usuario\.gemini\antigravity\scratch\TallerSaaS\src\TallerSaaS.Domain\bin\Debug\net9.0\TallerSaaS.Domain.dll" en "bin\Debug\net9.0\TallerSaaS.Domain.dll". Se iniciar├í el reintento 9 dentro de 1000ms. The process cannot access the file 'C:\Users\Usuario\.gemini\antigravity\scratch\TallerSaaS\src\TallerSaaS.Web\bin\Debug\net9.0\TallerSaaS.Domain.dll' because it is being used by another process. El archivo se ha bloqueado por: "TallerSaaS.Web (7836)" [C:\Users\Usuario\.gemini\antigravity\scratch\TallerSaaS\src\TallerSaaS.Web\TallerSaaS.Web.csproj]
C:\Program Files\dotnet\sdk\9.0.311\Microsoft.Common.CurrentVersion.targets(5093,5): warning MSB3026: No se pudo copiar "C:\Users\Usuario\.gemini\antigravity\scratch\TallerSaaS\src\TallerSaaS.Infrastructure\bin\Debug\net9.0\TallerSaaS.Infrastructure.dll" en "bin\Debug\net9.0\TallerSaaS.Infrastructure.dll". Se iniciar├í el reintento 9 dentro de 1000ms. The process cannot access the file 'C:\Users\Usuario\.gemini\antigravity\scratch\TallerSaaS\src\TallerSaaS.Web\bin\Debug\net9.0\TallerSaaS.Infrastructure.dll' because it is being used by another process. El archivo se ha bloqueado por: "Microsoft Visual Studio 2022 (19376), TallerSaaS.Web (7836)" [C:\Users\Usuario\.gemini\antigravity\scratch\TallerSaaS\src\TallerSaaS.Web\TallerSaaS.Web.csproj]
C:\Program Files\dotnet\sdk\9.0.311\Microsoft.Common.CurrentVersion.targets(5093,5): warning MSB3026: No se pudo copiar "C:\Users\Usuario\.gemini\antigravity\scratch\TallerSaaS\src\TallerSaaS.Application\bin\Debug\net9.0\TallerSaaS.Application.dll" en "bin\Debug\net9.0\TallerSaaS.Application.dll". Se iniciar├í el reintento 9 dentro de 1000ms. The process cannot access the file 'C:\Users\Usuario\.gemini\antigravity\scratch\TallerSaaS\src\TallerSaaS.Web\bin\Debug\net9.0\TallerSaaS.Application.dll' because it is being used by another process. El archivo se ha bloqueado por: "Microsoft Visual Studio 2022 (19376), TallerSaaS.Web (7836)" [C:\Users\Usuario\.gemini\antigravity\scratch\TallerSaaS\src\TallerSaaS.Web\TallerSaaS.Web.csproj]
C:\Program Files\dotnet\sdk\9.0.311\Microsoft.Common.CurrentVersion.targets(5093,5): warning MSB3026: No se pudo copiar "C:\Users\Usuario\.gemini\antigravity\scratch\TallerSaaS\src\TallerSaaS.Domain\bin\Debug\net9.0\TallerSaaS.Domain.dll" en "bin\Debug\net9.0\TallerSaaS.Domain.dll". Se iniciar├í el reintento 10 dentro de 1000ms. The process cannot access the file 'C:\Users\Usuario\.gemini\antigravity\scratch\TallerSaaS\src\TallerSaaS.Web\bin\Debug\net9.0\TallerSaaS.Domain.dll' because it is being used by another process. El archivo se ha bloqueado por: "TallerSaaS.Web (7836)" [C:\Users\Usuario\.gemini\antigravity\scratch\TallerSaaS\src\TallerSaaS.Web\TallerSaaS.Web.csproj]
C:\Program Files\dotnet\sdk\9.0.311\Microsoft.Common.CurrentVersion.targets(5093,5): warning MSB3026: No se pudo copiar "C:\Users\Usuario\.gemini\antigravity\scratch\TallerSaaS\src\TallerSaaS.Application\bin\Debug\net9.0\TallerSaaS.Application.dll" en "bin\Debug\net9.0\TallerSaaS.Application.dll". Se iniciar├í el reintento 10 dentro de 1000ms. The process cannot access the file 'C:\Users\Usuario\.gemini\antigravity\scratch\TallerSaaS\src\TallerSaaS.Web\bin\Debug\net9.0\TallerSaaS.Application.dll' because it is being used by another process. El archivo se ha bloqueado por: "Microsoft Visual Studio 2022 (19376), TallerSaaS.Web (7836)" [C:\Users\Usuario\.gemini\antigravity\scratch\TallerSaaS\src\TallerSaaS.Web\TallerSaaS.Web.csproj]
C:\Program Files\dotnet\sdk\9.0.311\Microsoft.Common.CurrentVersion.targets(5093,5): warning MSB3026: No se pudo copiar "C:\Users\Usuario\.gemini\antigravity\scratch\TallerSaaS\src\TallerSaaS.Infrastructure\bin\Debug\net9.0\TallerSaaS.Infrastructure.dll" en "bin\Debug\net9.0\TallerSaaS.Infrastructure.dll". Se iniciar├í el reintento 10 dentro de 1000ms. The process cannot access the file 'C:\Users\Usuario\.gemini\antigravity\scratch\TallerSaaS\src\TallerSaaS.Web\bin\Debug\net9.0\TallerSaaS.Infrastructure.dll' because it is being used by another process. El archivo se ha bloqueado por: "Microsoft Visual Studio 2022 (19376), TallerSaaS.Web (7836)" [C:\Users\Usuario\.gemini\antigravity\scratch\TallerSaaS\src\TallerSaaS.Web\TallerSaaS.Web.csproj]
C:\Program Files\dotnet\sdk\9.0.311\Microsoft.Common.CurrentVersion.targets(5093,5): error MSB3027: No se pudo copiar "C:\Users\Usuario\.gemini\antigravity\scratch\TallerSaaS\src\TallerSaaS.Domain\bin\Debug\net9.0\TallerSaaS.Domain.dll" en "bin\Debug\net9.0\TallerSaaS.Domain.dll". Se super├│ el n├║mero de 10 reintentos. Error. El archivo se ha bloqueado por: "TallerSaaS.Web (7836)" [C:\Users\Usuario\.gemini\antigravity\scratch\TallerSaaS\src\TallerSaaS.Web\TallerSaaS.Web.csproj]
C:\Program Files\dotnet\sdk\9.0.311\Microsoft.Common.CurrentVersion.targets(5093,5): error MSB3021: No se puede copiar "C:\Users\Usuario\.gemini\antigravity\scratch\TallerSaaS\src\TallerSaaS.Domain\bin\Debug\net9.0\TallerSaaS.Domain.dll" en "bin\Debug\net9.0\TallerSaaS.Domain.dll". The process cannot access the file 'C:\Users\Usuario\.gemini\antigravity\scratch\TallerSaaS\src\TallerSaaS.Web\bin\Debug\net9.0\TallerSaaS.Domain.dll' because it is being used by another process. [C:\Users\Usuario\.gemini\antigravity\scratch\TallerSaaS\src\TallerSaaS.Web\TallerSaaS.Web.csproj]
C:\Program Files\dotnet\sdk\9.0.311\Microsoft.Common.CurrentVersion.targets(5093,5): error MSB3027: No se pudo copiar "C:\Users\Usuario\.gemini\antigravity\scratch\TallerSaaS\src\TallerSaaS.Application\bin\Debug\net9.0\TallerSaaS.Application.dll" en "bin\Debug\net9.0\TallerSaaS.Application.dll". Se super├│ el n├║mero de 10 reintentos. Error. El archivo se ha bloqueado por: "Microsoft Visual Studio 2022 (19376), TallerSaaS.Web (7836)" [C:\Users\Usuario\.gemini\antigravity\scratch\TallerSaaS\src\TallerSaaS.Web\TallerSaaS.Web.csproj]
C:\Program Files\dotnet\sdk\9.0.311\Microsoft.Common.CurrentVersion.targets(5093,5): error MSB3021: No se puede copiar "C:\Users\Usuario\.gemini\antigravity\scratch\TallerSaaS\src\TallerSaaS.Application\bin\Debug\net9.0\TallerSaaS.Application.dll" en "bin\Debug\net9.0\TallerSaaS.Application.dll". The process cannot access the file 'C:\Users\Usuario\.gemini\antigravity\scratch\TallerSaaS\src\TallerSaaS.Web\bin\Debug\net9.0\TallerSaaS.Application.dll' because it is being used by another process. [C:\Users\Usuario\.gemini\antigravity\scratch\TallerSaaS\src\TallerSaaS.Web\TallerSaaS.Web.csproj]
C:\Program Files\dotnet\sdk\9.0.311\Microsoft.Common.CurrentVersion.targets(5093,5): error MSB3027: No se pudo copiar "C:\Users\Usuario\.gemini\antigravity\scratch\TallerSaaS\src\TallerSaaS.Infrastructure\bin\Debug\net9.0\TallerSaaS.Infrastructure.dll" en "bin\Debug\net9.0\TallerSaaS.Infrastructure.dll". Se super├│ el n├║mero de 10 reintentos. Error. El archivo se ha bloqueado por: "Microsoft Visual Studio 2022 (19376), TallerSaaS.Web (7836)" [C:\Users\Usuario\.gemini\antigravity\scratch\TallerSaaS\src\TallerSaaS.Web\TallerSaaS.Web.csproj]
C:\Program Files\dotnet\sdk\9.0.311\Microsoft.Common.CurrentVersion.targets(5093,5): error MSB3021: No se puede copiar "C:\Users\Usuario\.gemini\antigravity\scratch\TallerSaaS\src\TallerSaaS.Infrastructure\bin\Debug\net9.0\TallerSaaS.Infrastructure.dll" en "bin\Debug\net9.0\TallerSaaS.Infrastructure.dll". The process cannot access the file 'C:\Users\Usuario\.gemini\antigravity\scratch\TallerSaaS\src\TallerSaaS.Web\bin\Debug\net9.0\TallerSaaS.Infrastructure.dll' because it is being used by another process. [C:\Users\Usuario\.gemini\antigravity\scratch\TallerSaaS\src\TallerSaaS.Web\TallerSaaS.Web.csproj]
    30 Advertencia(s)
    6 Errores

Tiempo transcurrido 00:00:14.47

Hay actualizaciones de carga de trabajo disponibles. Ejecute "dotnet workload list" para obtener m├ís informaci├│n.
